========================================
     CNC Worker
========================================
Worker ID:     worker_test_001
Server:        localhost:9090
Max Tasks:     4
Capabilities:  [domain_resolve ip_scan]
Data Dir:      ./worker_data
========================================

2026/09/01 15:43:36 Connected to server via TCP: localhost:9090
2026/09/01 15:43:36 Registration sent to server
2026/09/01 15:43:36 Worker worker_test_001 started, connected to localhost:9090
2026/09/01 15:43:36 Unknown message type: 
2026/09/01 15:44:06 Worker worker_test_001 stats: Completed=0, Failed=0, Lines=0, Bytes=0, Uptime=30s
2026/09/01 15:44:36 Worker worker_test_001 stats: Completed=0, Failed=0, Lines=0, Bytes=0, Uptime=1m0s
2026/09/01 15:45:06 Worker worker_test_001 stats: Completed=0, Failed=0, Lines=0, Bytes=0, Uptime=1m30s
2026/09/01 15:45:36 Worker worker_test_001 stats: Completed=0, Failed=0, Lines=0, Bytes=0, Uptime=2m0s
2026/09/01 15:46:06 Worker worker_test_001 stats: Completed=0, Failed=0, Lines=0, Bytes=0, Uptime=2m30s
2026/09/01 15:46:36 Worker worker_test_001 stats: Completed=0, Failed=0, Lines=0, Bytes=0, Uptime=3m0s
2026/09/01 15:47:06 Worker worker_test_001 stats: Completed=0, Failed=0, Lines=0, Bytes=0, Uptime=3m30s
2026/09/01 15:47:36 Worker worker_test_001 stats: Completed=0, Failed=0, Lines=0, Bytes=0, Uptime=4m0s
2026/09/01 15:48:06 Worker worker_test_001 stats: Completed=0, Failed=0, Lines=0, Bytes=0, Uptime=4m30s
2026/09/01 15:48:36 Worker worker_test_001 stats: Completed=0, Failed=0, Lines=0, Bytes=0, Uptime=5m0s
2026/09/01 15:49:06 Worker worker_test_001 stats: Completed=0, Failed=0, Lines=0, Bytes=0, Uptime=5m30s
2026/09/01 15:49:36 Worker worker_test_001 stats: Completed=0, Failed=0, Lines=0, Bytes=0, Uptime=6m0s
2026/09/01 15:50:06 Worker worker_test_001 stats: Completed=0, Failed=0, Lines=0, Bytes=0, Uptime=6m30s
2026/09/01 15:50:36 Worker worker_test_001 stats: Completed=0, Failed=0, Lines=0, Bytes=0, Uptime=7m0s
2026/09/01 15:51:06 Worker worker_test_001 stats: Completed=0, Failed=0, Lines=0, Bytes=0, Uptime=7m30s
2026/09/01 15:51:36 Worker worker_test_001 stats: Completed=0, Failed=0, Lines=0, Bytes=0, Uptime=8m0s
2026/09/01 15:52:06 Worker worker_test_001 stats: Completed=0, Failed=0, Lines=0, Bytes=0, Uptime=8m30s
2026/09/01 15:52:36 Worker worker_test_001 stats: Completed=0, Failed=0, Lines=0, Bytes=0, Uptime=9m0s
2026/09/01 15:53:06 Worker worker_test_001 stats: Completed=0, Failed=0, Lines=0, Bytes=0, Uptime=9m30s
2026/09/01 15:53:36 Worker worker_test_001 stats: Completed=0, Failed=0, Lines=0, Bytes=0, Uptime=10m0s
2026/09/01 15:53:41 
Received shutdown signal
2026/09/01 15:53:41 Stopping worker worker_test_001...
2026/09/01 15:53:41 Connection lost, attempting to reconnect...
2026/09/01 15:53:41 Worker worker_test_001 stopped
